19:06:42 **** Incremental Build of configuration Debug for project f091_uart ****
make -j8 all 
arm-none-eabi-gcc "../Src/uart.c" -mcpu=cortex-m0 -std=gnu11 -g3 -DDEBUG -DSTM32 -DSTM32F0 -DSTM32F091xC -DSTM32F091RCTx -c -I../Inc -I../Drivers/CMSIS/Include -I../Drivers/CMSIS/Device/ST/STM32F0xx/Include -O0 -ffunction-sections -fdata-sections -Wall -fstack-usage -fcyclomatic-complexity -MMD -MP -MF"Src/uart.d" -MT"Src/uart.o" --specs=nano.specs -mfloat-abi=soft -mthumb -o "Src/uart.o"
arm-none-eabi-gcc -o "f091_uart.elf" @"objects.list"   -mcpu=cortex-m0 -T"C:\CUBEIDE_workspace\f091_uart\STM32F091RCTX_FLASH.ld" --specs=nosys.specs -Wl,-Map="f091_uart.map" -Wl,--gc-sections -static --specs=nano.specs -mfloat-abi=soft -mthumb -Wl,--start-group -lc -lm -Wl,--end-group
Finished building target: f091_uart.elf
 
arm-none-eabi-size  f091_uart.elf 
arm-none-eabi-objdump -h -S f091_uart.elf  > "f091_uart.list"
   text	   data	    bss	    dec	    hex	filename
   4848	     92	   1900	   6840	   1ab8	f091_uart.elf
Finished building: default.size.stdout
 
Finished building: f091_uart.list
 
