22:08:33 **** Incremental Build of configuration Debug for project f091_uart ****
make -j8 all 
arm-none-eabi-gcc "../Src/main.c" -mcpu=cortex-m0 -std=gnu11 -g3 -DDEBUG -DSTM32 -DSTM32F0 -DSTM32F091xC -DSTM32F091RCTx -c -I../Inc -I../Drivers/CMSIS/Include -I../Drivers/CMSIS/Device/ST/STM32F0xx/Include -O0 -ffunction-sections -fdata-sections -Wall -fstack-usage -fcyclomatic-complexity -MMD -MP -MF"Src/main.d" -MT"Src/main.o" --specs=nano.specs -mfloat-abi=soft -mthumb -o "Src/main.o"
arm-none-eabi-gcc "../Src/uart.c" -mcpu=cortex-m0 -std=gnu11 -g3 -DDEBUG -DSTM32 -DSTM32F0 -DSTM32F091xC -DSTM32F091RCTx -c -I../Inc -I../Drivers/CMSIS/Include -I../Drivers/CMSIS/Device/ST/STM32F0xx/Include -O0 -ffunction-sections -fdata-sections -Wall -fstack-usage -fcyclomatic-complexity -MMD -MP -MF"Src/uart.d" -MT"Src/uart.o" --specs=nano.specs -mfloat-abi=soft -mthumb -o "Src/uart.o"
arm-none-eabi-gcc -o "f091_uart.elf" @"objects.list"   -mcpu=cortex-m0 -T"C:\CUBEIDE_workspace\f091_uart\STM32F091RCTX_FLASH.ld" --specs=nosys.specs -Wl,-Map="f091_uart.map" -Wl,--gc-sections -static --specs=nano.specs -mfloat-abi=soft -mthumb -Wl,--start-group -lc -lm -Wl,--end-group
Finished building target: f091_uart.elf
 
arm-none-eabi-size  f091_uart.elf 
arm-none-eabi-objdump -h -S f091_uart.elf  > "f091_uart.list"
   text	   data	    bss	    dec	    hex	filename
   1128	      0	   1568	   2696	    a88	f091_uart.elf
Finished building: default.size.stdout
 
Finished building: f091_uart.list
 
22:09:48 **** Incremental Build of configuration Debug for project f091_uart ****
make -j8 all 
arm-none-eabi-size  f091_uart.elf 
   text	   data	    bss	    dec	    hex	filename
   1128	      0	   1568	   2696	    a88	f091_uart.elf
Finished building: default.size.stdout
 
22:15:52 **** Incremental Build of configuration Debug for project f091_uart ****
make -j8 all 
arm-none-eabi-gcc "../Src/uart.c" -mcpu=cortex-m0 -std=gnu11 -g3 -DDEBUG -DSTM32 -DSTM32F0 -DSTM32F091xC -DSTM32F091RCTx -c -I../Inc -I../Drivers/CMSIS/Include -I../Drivers/CMSIS/Device/ST/STM32F0xx/Include -O0 -ffunction-sections -fdata-sections -Wall -fstack-usage -fcyclomatic-complexity -MMD -MP -MF"Src/uart.d" -MT"Src/uart.o" --specs=nano.specs -mfloat-abi=soft -mthumb -o "Src/uart.o"
arm-none-eabi-gcc -o "f091_uart.elf" @"objects.list"   -mcpu=cortex-m0 -T"C:\CUBEIDE_workspace\f091_uart\STM32F091RCTX_FLASH.ld" --specs=nosys.specs -Wl,-Map="f091_uart.map" -Wl,--gc-sections -static --specs=nano.specs -mfloat-abi=soft -mthumb -Wl,--start-group -lc -lm -Wl,--end-group
Finished building target: f091_uart.elf
 
arm-none-eabi-size  f091_uart.elf 
arm-none-eabi-objdump -h -S f091_uart.elf  > "f091_uart.list"
   text	   data	    bss	    dec	    hex	filename
   1128	      0	   1568	   2696	    a88	f091_uart.elf
Finished building: default.size.stdout
 
Finished building: f091_uart.list
 
22:16:48 **** Incremental Build of configuration Debug for project f091_uart ****
make -j8 all 
arm-none-eabi-gcc "../Src/uart.c" -mcpu=cortex-m0 -std=gnu11 -g3 -DDEBUG -DSTM32 -DSTM32F0 -DSTM32F091xC -DSTM32F091RCTx -c -I../Inc -I../Drivers/CMSIS/Include -I../Drivers/CMSIS/Device/ST/STM32F0xx/Include -O0 -ffunction-sections -fdata-sections -Wall -fstack-usage -fcyclomatic-complexity -MMD -MP -MF"Src/uart.d" -MT"Src/uart.o" --specs=nano.specs -mfloat-abi=soft -mthumb -o "Src/uart.o"
arm-none-eabi-gcc -o "f091_uart.elf" @"objects.list"   -mcpu=cortex-m0 -T"C:\CUBEIDE_workspace\f091_uart\STM32F091RCTX_FLASH.ld" --specs=nosys.specs -Wl,-Map="f091_uart.map" -Wl,--gc-sections -static --specs=nano.specs -mfloat-abi=soft -mthumb -Wl,--start-group -lc -lm -Wl,--end-group
Finished building target: f091_uart.elf
 
arm-none-eabi-size  f091_uart.elf 
arm-none-eabi-objdump -h -S f091_uart.elf  > "f091_uart.list"
   text	   data	    bss	    dec	    hex	filename
   1128	      0	   1568	   2696	    a88	f091_uart.elf
Finished building: default.size.stdout
 
Finished building: f091_uart.list
 
22:17:11 **** Incremental Build of configuration Debug for project f091_uart ****
make -j8 all 
arm-none-eabi-gcc "../Src/uart.c" -mcpu=cortex-m0 -std=gnu11 -g3 -DDEBUG -DSTM32 -DSTM32F0 -DSTM32F091xC -DSTM32F091RCTx -c -I../Inc -I../Drivers/CMSIS/Include -I../Drivers/CMSIS/Device/ST/STM32F0xx/Include -O0 -ffunction-sections -fdata-sections -Wall -fstack-usage -fcyclomatic-complexity -MMD -MP -MF"Src/uart.d" -MT"Src/uart.o" --specs=nano.specs -mfloat-abi=soft -mthumb -o "Src/uart.o"
arm-none-eabi-gcc -o "f091_uart.elf" @"objects.list"   -mcpu=cortex-m0 -T"C:\CUBEIDE_workspace\f091_uart\STM32F091RCTX_FLASH.ld" --specs=nosys.specs -Wl,-Map="f091_uart.map" -Wl,--gc-sections -static --specs=nano.specs -mfloat-abi=soft -mthumb -Wl,--start-group -lc -lm -Wl,--end-group
Finished building target: f091_uart.elf
 
arm-none-eabi-size  f091_uart.elf 
arm-none-eabi-objdump -h -S f091_uart.elf  > "f091_uart.list"
   text	   data	    bss	    dec	    hex	filename
   1128	      0	   1568	   2696	    a88	f091_uart.elf
Finished building: default.size.stdout
 
Finished building: f091_uart.list
 
