19:25:25 **** Incremental Build of configuration Debug for project testtest ****
make -j8 all 
arm-none-eabi-gcc "../Core/Src/main.c" -mcpu=cortex-m4 -std=gnu11 -g3 -DDEBUG -DUSE_HAL_DRIVER -DSTM32L475xx -c -I../Core/Inc -I../Drivers/STM32L4xx_HAL_Driver/Inc -I../Drivers/STM32L4xx_HAL_Driver/Inc/Legacy -I../Drivers/CMSIS/Device/ST/STM32L4xx/Include -I../Drivers/CMSIS/Include -I../Drivers/BSP/Components/lis3mdl -I../X-CUBE-MEMS1/Target -I../Drivers/BSP/B-L475E-IOT01A2 -I../Drivers/BSP/Components/hts221 -I../Drivers/BSP/Components/lsm6dsl -O0 -ffunction-sections -fdata-sections -Wall -fstack-usage -fcyclomatic-complexity -MMD -MP -MF"Core/Src/main.d" -MT"Core/Src/main.o" --specs=nano.specs -mfpu=fpv4-sp-d16 -mfloat-abi=hard -mthumb -o "Core/Src/main.o"
arm-none-eabi-gcc -o "testtest.elf" @"objects.list"   -mcpu=cortex-m4 -T"C:\CUBEIDE_workspace\testtest\STM32L475VGTX_FLASH.ld" --specs=nosys.specs -Wl,-Map="testtest.map" -Wl,--gc-sections -static --specs=nano.specs -mfpu=fpv4-sp-d16 -mfloat-abi=hard -mthumb -u _printf_float -Wl,--start-group -lc -lm -Wl,--end-group
Finished building target: testtest.elf
 
arm-none-eabi-size  testtest.elf 
arm-none-eabi-objdump -h -S testtest.elf  > "testtest.list"
   text	   data	    bss	    dec	    hex	filename
  46308	    468	   4028	  50804	   c674	testtest.elf
Finished building: default.size.stdout
 
Finished building: testtest.list
 

19:25:26 Build Finished. 0 errors, 0 warnings. (took 1s.395ms)

